// Jest Snapshot v1, https://goo.gl/fbAQLP

exports[`Header should match the snapshot 1`] = `"<header id=\\"root-header\\"><button class=\\"mobile-open-menu\\"><i class=\\"fas fa-bars\\"></i></button><h1>A11y-Checker</h1></header>"`;
